// Vitest Snapshot v1, https://vitest.dev/guide/snapshot.html

exports[`build rollup 1`] = `
"/**
 * Super test de la mort qui tue.
 * ------------
 * \`\`\`ts
 * const hardCalc = 1 * 1000;
 * 
 * \`\`\`
 */
export declare function mySuperFunction(superArg: string): string;
"
`;

exports[`build rollup 2`] = `
"{
  "name": "@duplojs/test",
  "files": [
    {
      "name": "index.mjs"
    },
    {
      "name": "index.d.ts"
    },
    {
      "name": "mySuperDomain",
      "files": [
        {
          "name": "mySuperFunction.mjs"
        },
        {
          "name": "mySuperFunction.d.ts"
        },
        {
          "name": "index.d.ts"
        }
      ]
    }
  ]
}"
`;
